Reflection warning, /tmp/form-init9551484291363658638.clj:1:917 - call to static method invokeStaticMethod on clojure.lang.Reflector can't be resolved (argument types: unknown, java.lang.String, unknown).
Reflection warning, clojure/tools/reader.clj:1025:74 - call to method setLength can't be resolved (target class is unknown).
Reflection warning, clojure/tools/reader.clj:1030:74 - call to method setLength can't be resolved (target class is unknown).
[1;34mSummary (1)[0m
[37m  Files:[0m  [34m1[0m
[37m  Facts:[0m  [34m7[0m
[37mTimeout:[0m  [35m0[0m
[1mSuccess:[0m  [1;31m12 of 13[0m


